[0.286s] Invoking command in '/home/aakash/bumperbot_ws/build/bumperbot_firmware': /usr/bin/cmake --build /home/aakash/bumperbot_ws/build/bumperbot_firmware -- -j12 -l12
[1.424s] -- Found ament_cmake: 1.3.11 (/opt/ros/humble/share/ament_cmake/cmake)
[3.714s] -- Found rclpy: 3.3.16 (/opt/ros/humble/share/rclpy/cmake)
[3.943s] Error parsing '/home/aakash/bumperbot_ws/src/bumperbot_firmware/package.xml':
[4.114s] Traceback (most recent call last):
[4.114s]   File "/usr/lib/python3/dist-packages/catkin_pkg/package.py", line 610, in parse_package_string
[4.172s]     root = dom.parseString(data)
[4.172s]   File "/usr/lib/python3.10/xml/dom/minidom.py", line 2000, in parseString
[4.200s]     return expatbuilder.parseString(string)
[4.200s]   File "/usr/lib/python3.10/xml/dom/expatbuilder.py", line 925, in parseString
[4.221s]     return builder.parseString(string)
[4.222s]   File "/usr/lib/python3.10/xml/dom/expatbuilder.py", line 223, in parseString
[4.222s]     parser.Parse(string, True)
[4.222s] xml.parsers.expat.ExpatError: mismatched tag: line 13, column 26
[4.222s] 
[4.222s] During handling of the above exception, another exception occurred:
[4.222s] 
[4.222s] Traceback (most recent call last):
[4.222s]   File "/opt/ros/humble/share/ament_cmake_core/cmake/core/package_xml_2_cmake.py", line 150, in <module>
[4.222s]     main()
[4.222s]   File "/opt/ros/humble/share/ament_cmake_core/cmake/core/package_xml_2_cmake.py", line 53, in main
[4.222s]     raise e
[4.222s]   File "/opt/ros/humble/share/ament_cmake_core/cmake/core/package_xml_2_cmake.py", line 49, in main
[4.222s]     package = parse_package_string(
[4.222s]   File "/usr/lib/python3/dist-packages/catkin_pkg/package.py", line 612, in parse_package_string
[4.223s]     raise InvalidPackage('The manifest contains invalid XML:\n%s' % ex, filename)
[4.223s] catkin_pkg.package.InvalidPackage: Error(s) in package '/home/aakash/bumperbot_ws/src/bumperbot_firmware/package.xml':
[4.223s] The manifest contains invalid XML:
[4.223s] mismatched tag: line 13, column 26
[4.257s] [31mCMake Error at /opt/ros/humble/share/ament_cmake_core/cmake/core/ament_package_xml.cmake:95 (message):
[4.257s]   execute_process(/usr/bin/python3
[4.257s]   /opt/ros/humble/share/ament_cmake_core/cmake/core/package_xml_2_cmake.py
[4.257s]   /home/aakash/bumperbot_ws/src/bumperbot_firmware/package.xml
[4.257s]   /home/aakash/bumperbot_ws/build/bumperbot_firmware/ament_cmake_core/package.cmake)
[4.257s]   returned error code 1
[4.258s] Call Stack (most recent call first):
[4.258s]   /opt/ros/humble/share/ament_cmake_core/cmake/core/ament_package_xml.cmake:49 (_ament_package_xml)
[4.258s]   /opt/ros/humble/share/ament_cmake_python/cmake/ament_python_install_package.cmake:60 (ament_package_xml)
[4.258s]   /opt/ros/humble/share/ament_cmake_python/cmake/ament_python_install_package.cmake:39 (_ament_cmake_python_install_package)
[4.258s]   CMakeLists.txt:15 (ament_python_install_package)
[4.258s] 
[4.258s] [0m
[4.279s] -- Configuring incomplete, errors occurred!
[4.279s] See also "/home/aakash/bumperbot_ws/build/bumperbot_firmware/CMakeFiles/CMakeOutput.log".
[4.285s] gmake: *** [Makefile:226: cmake_check_build_system] Error 1
[4.291s] Invoked command in '/home/aakash/bumperbot_ws/build/bumperbot_firmware' returned '2': /usr/bin/cmake --build /home/aakash/bumperbot_ws/build/bumperbot_firmware -- -j12 -l12
